../Core/Src/main.c:70:13:PrivilegiosSVC	40	static,ignoring_inline_asm
../Core/Src/main.c:125:6:zeros	24	static
../Core/Src/main.c:132:6:productoEscalar32	32	static
../Core/Src/main.c:138:6:productoEscalar16	32	static
../Core/Src/main.c:144:6:productoEscalar12	32	static
../Core/Src/main.c:157:5:main	56	dynamic
../Core/Src/main.c:262:6:SystemClock_Config	88	static
../Core/Src/main.c:308:13:MX_ETH_Init	8	static
../Core/Src/main.c:357:13:MX_USART3_UART_Init	8	static
../Core/Src/main.c:390:13:MX_USB_OTG_FS_PCD_Init	8	static
../Core/Src/main.c:425:13:MX_GPIO_Init	56	static
../Core/Src/main.c:479:6:Error_Handler	4	static,ignoring_inline_asm
