../Core/Src/main.c:70:13:PrivilegiosSVC	40	static,ignoring_inline_asm
../Core/Src/main.c:134:6:zeros	24	static
../Core/Src/main.c:143:6:productoEscalar32	32	static
../Core/Src/main.c:152:6:productoEscalar16	32	static
../Core/Src/main.c:161:6:productoEscalar12	32	static
../Core/Src/main.c:172:6:filtroVentana10	32	static
../Core/Src/main.c:184:6:zerosint32	24	static
../Core/Src/main.c:196:5:main	32	static
../Core/Src/main.c:307:6:SystemClock_Config	88	static
../Core/Src/main.c:353:13:MX_ETH_Init	8	static
../Core/Src/main.c:402:13:MX_USART3_UART_Init	8	static
../Core/Src/main.c:435:13:MX_USB_OTG_FS_PCD_Init	8	static
../Core/Src/main.c:470:13:MX_GPIO_Init	56	static
../Core/Src/main.c:524:6:Error_Handler	4	static,ignoring_inline_asm
